[www.doseview.com/index.html]
[cdn.cookielaw.org/scripttemplates/otSDKStub.js]
[backblue.gif]
[fade.gif]
[index.html]
[www.doseview.com/sites/g/files/qhldwo10681/files/doseview_favicon_0.ico]
[www.doseview.com/rss.xml]
[www.doseview.com/sites/g/files/qhldwo10681/files/css/css_AWeGIsVtsIeuepFe9MAA8n8nIsU-7dEMZG8KXCbbM9g401d.css]
[www.doseview.com/sites/g/files/qhldwo10681/files/css/css_cynq6tUL6662f0sNohzMqPhbAtQZzKjBShYo-bhCqNk1748.css]
[www.doseview.com/sites/g/files/qhldwo10681/files/css/css_GDjZrEfCdEtqVbto6yV58eu9nQRW_IxXMFGamzvnlbk5b00.css]
[www.doseview.com/sites/g/files/qhldwo10681/files/css/css_G18ymCcgaFVIAELee2VKsyQV76MoNWnYFdNsJyJzbXw772f.css]
[www.doseview.com/sites/g/files/qhldwo10681/files/css/css_d8oXjoI83FVZh4ruvOF-85m0Evz-zO1LMSKktwLuT6U7686.css]
[www.doseview.com/sites/g/files/qhldwo10681/files/js/js_43UZXJpSrq9RSK7L_eATAdOHNf0AO34yUEOlw-F8Accf7ac.js]
[www.doseview.com/sites/g/files/qhldwo10681/files/js/js_S1cmfR4SzY-aF1xa7WHIH-R0U_qDwH-jMqCQgphyONMe236.js]
[www.doseview.com/modules/contrib/google_tag/js/gtag0c4b.js]
[www.doseview.com/modules/contrib/google_tag/js/gtm0c4b.js]
[www.doseview.com/sites/g/files/qhldwo10681/files/doseview_otsukalogo_0.png]
[www.doseview.com/profiles/contrib/lightning/README.md]
[www.doseview.com/sites/g/files/qhldwo10681/files/js/js_pP-27OaePUvCsrsExTyS9Twxo64A2_LvdA7BSFKS97Ye6b1.js]
[www.doseview.com/sites/g/files/qhldwo10681/files/js/js_v1LuWFqYDBt5zpnzzETw1FVF-QvsktVrfjYXOY_3hh8542e.js]
[www.doseview.com/sites/g/files/qhldwo10681/files/js/js_lvdWgscaoEnWdBVC3FUQ3L9eN7WC-B4hNT47XiOXsKs66de.js]
[www.doseview.com/sites/g/files/qhldwo10681/files/js/js_11q1HdGzo0cIZ4AufwwaRSJjQrOfSKcCBAayVtT-YOI15e0.js]
[www.doseview.com/index.html]
[www.doseview.com/core/misc/throbber-active.gif]
[www.doseview.com/core/misc/loading-small.gif]
[www.doseview.com/sites/g/files/qhldwo10681/files/css/css_AWeGIsVtsIeuepFe9MAA8n8nIsU-7dEMZG8KXCbbM9g401d.css]
[www.doseview.com/core/misc/icons/e32700/error.svg]
[www.doseview.com/core/misc/icons/e29700/warning.svg]
[www.doseview.com/sites/g/files/qhldwo10681/files/css/css_cynq6tUL6662f0sNohzMqPhbAtQZzKjBShYo-bhCqNk1748.css]
[www.doseview.com/core/misc/icons/73b355/check.svg]
[www.doseview.com/core/misc/icons/787878/twistie-down.svg]
[www.doseview.com/sites/g/files/qhldwo10681/files/css/css_GDjZrEfCdEtqVbto6yV58eu9nQRW_IxXMFGamzvnlbk5b00.css]
[www.doseview.com/core/misc/icons/787878/twistie-up.svg]
[www.doseview.com/sites/g/files/qhldwo10681/themes/site/themes/custom/images/ui-bg_highlight-soft_100_eeeeee_1x100.png]
[www.doseview.com/sites/g/files/qhldwo10681/themes/site/themes/custom/images/ui-bg_gloss-wave_35_f6a828_500x100.png]
[www.doseview.com/sites/g/files/qhldwo10681/themes/site/themes/custom/images/ui-bg_glass_100_f6f6f6_1x400.png]
[www.doseview.com/sites/g/files/qhldwo10681/themes/site/themes/custom/images/ui-bg_glass_100_fdf5ce_1x400.png]
[www.doseview.com/sites/g/files/qhldwo10681/themes/site/themes/custom/images/ui-bg_glass_65_ffffff_1x400.png]
[www.doseview.com/sites/g/files/qhldwo10681/themes/site/themes/custom/images/ui-bg_highlight-soft_75_ffe45c_1x100.png]
[www.doseview.com/sites/g/files/qhldwo10681/themes/site/themes/custom/images/ui-bg_diagonals-thick_18_b81900_40x40.png]
[www.doseview.com/sites/g/files/qhldwo10681/themes/site/themes/custom/images/ui-icons_222222_256x240.png]
[www.doseview.com/sites/g/files/qhldwo10681/themes/site/themes/custom/images/ui-icons_ffffff_256x240.png]
[www.doseview.com/sites/g/files/qhldwo10681/themes/site/themes/custom/images/ui-icons_ef8c08_256x240.png]
[www.doseview.com/sites/g/files/qhldwo10681/themes/site/themes/custom/images/ui-icons_228ef1_256x240.png]
[www.doseview.com/sites/g/files/qhldwo10681/themes/site/themes/custom/images/ui-icons_ffd27a_256x240.png]
[www.doseview.com/sites/g/files/qhldwo10681/themes/site/themes/custom/images/ui-bg_diagonals-thick_20_666666_40x40.png]
[www.doseview.com/sites/g/files/qhldwo10681/themes/site/themes/custom/images/ui-bg_flat_10_000000_40x100.png]
[www.doseview.com/sites/g/files/qhldwo10681/themes/site/themes/custom/fonts/glyphicons-halflings-regular.eot]
[www.doseview.com/sites/g/files/qhldwo10681/themes/site/themes/custom/fonts/glyphicons-halflings-regular.woff2]
[www.doseview.com/sites/g/files/qhldwo10681/themes/site/themes/custom/fonts/glyphicons-halflings-regular.woff]
[www.doseview.com/sites/g/files/qhldwo10681/themes/site/themes/custom/fonts/glyphicons-halflings-regular.ttf]
[www.doseview.com/sites/g/files/qhldwo10681/themes/site/themes/custom/fonts/glyphicons-halflings-regular.svg]
[www.doseview.com/sites/g/files/qhldwo10681/themes/site/themes/custom/doseview/fonts/fontawesome-webfonte0a5.eot]
[www.doseview.com/sites/g/files/qhldwo10681/themes/site/themes/custom/doseview/fonts/fontawesome-webfont.eot]
[www.doseview.com/sites/g/files/qhldwo10681/themes/site/themes/custom/doseview/fonts/fontawesome-webfonte0a5.woff2]
[www.doseview.com/sites/g/files/qhldwo10681/themes/site/themes/custom/doseview/fonts/fontawesome-webfonte0a5.woff]
[www.doseview.com/sites/g/files/qhldwo10681/themes/site/themes/custom/doseview/fonts/fontawesome-webfonte0a5.ttf]
[www.doseview.com/sites/g/files/qhldwo10681/themes/site/themes/custom/doseview/fonts/fontawesome-webfonte0a5.svg]
[www.doseview.com/sites/g/files/qhldwo10681/files/css/css_G18ymCcgaFVIAELee2VKsyQV76MoNWnYFdNsJyJzbXw772f.css]
[www.doseview.com/sites/g/files/qhldwo10681/themes/site/themes/custom/doseview/images/slidebg.png]
[www.doseview.com/sites/g/files/qhldwo10681/themes/site/themes/custom/doseview/images/slidebg2.png]
[www.doseview.com/sites/g/files/qhldwo10681/themes/site/themes/custom/doseview/images/slidebg3.png]
[www.doseview.com/sites/g/files/qhldwo10681/themes/site/themes/custom/doseview/images/slider-next.png]
[www.doseview.com/sites/g/files/qhldwo10681/themes/site/themes/custom/doseview/images/overlay-close.png]
[www.doseview.com/sites/g/files/qhldwo10681/themes/site/themes/custom/doseview/images/bullet.png]
[www.doseview.com/sites/g/files/qhldwo10681/themes/site/themes/custom/doseview/images/product-select-off.png]
[www.doseview.com/sites/g/files/qhldwo10681/themes/site/themes/custom/doseview/images/product-select-on.png]
[www.doseview.com/sites/g/files/qhldwo10681/themes/site/themes/custom/doseview/images/product-select-error.png]
[www.doseview.com/sites/g/files/qhldwo10681/themes/site/themes/custom/doseview/images/error.png]
[www.doseview.com/sites/g/files/qhldwo10681/themes/site/themes/custom/doseview/images/error-close.png]
[www.doseview.com/sites/g/files/qhldwo10681/files/css/css_d8oXjoI83FVZh4ruvOF-85m0Evz-zO1LMSKktwLuT6U7686.css]
[www.doseview.com/profiles/contrib/lightning/README.html]
[www.doseview.com/core/misc/icons/e32700/error.svg]
[www.doseview.com/core/misc/icons/e29700/warning.svg]
[www.doseview.com/core/misc/icons/73b355/check.svg]
[www.doseview.com/core/misc/icons/787878/twistie-down.svg]
[www.doseview.com/core/misc/icons/787878/twistie-up.svg]
[www.doseview.com/sites/g/files/qhldwo10681/themes/site/themes/custom/images/ui-bg_highlight-soft_100_eeeeee_1x100.html]
[www.doseview.com/sites/g/files/qhldwo10681/themes/site/themes/custom/images/ui-bg_gloss-wave_35_f6a828_500x100.html]
[www.doseview.com/sites/g/files/qhldwo10681/themes/site/themes/custom/images/ui-bg_glass_100_f6f6f6_1x400.html]
[www.doseview.com/sites/g/files/qhldwo10681/themes/site/themes/custom/images/ui-bg_glass_100_fdf5ce_1x400.html]
[www.doseview.com/sites/g/files/qhldwo10681/themes/site/themes/custom/images/ui-bg_glass_65_ffffff_1x400.html]
[www.doseview.com/sites/g/files/qhldwo10681/themes/site/themes/custom/images/ui-bg_highlight-soft_75_ffe45c_1x100.html]
[www.doseview.com/sites/g/files/qhldwo10681/themes/site/themes/custom/images/ui-bg_diagonals-thick_18_b81900_40x40.html]
[www.doseview.com/sites/g/files/qhldwo10681/themes/site/themes/custom/images/ui-icons_222222_256x240.html]
[www.doseview.com/sites/g/files/qhldwo10681/themes/site/themes/custom/images/ui-icons_ffffff_256x240.html]
[www.doseview.com/sites/g/files/qhldwo10681/themes/site/themes/custom/images/ui-icons_ef8c08_256x240.html]
[www.doseview.com/sites/g/files/qhldwo10681/themes/site/themes/custom/images/ui-icons_228ef1_256x240.html]
[www.doseview.com/sites/g/files/qhldwo10681/themes/site/themes/custom/images/ui-icons_ffd27a_256x240.html]
[www.doseview.com/sites/g/files/qhldwo10681/themes/site/themes/custom/images/ui-bg_diagonals-thick_20_666666_40x40.html]
[www.doseview.com/sites/g/files/qhldwo10681/themes/site/themes/custom/images/ui-bg_flat_10_000000_40x100.html]
[www.doseview.com/sites/g/files/qhldwo10681/themes/site/themes/custom/fonts/glyphicons-halflings-regular.html]
[www.doseview.com/sites/g/files/qhldwo10681/themes/site/themes/custom/fonts/glyphicons-halflings-regular-2.html]
[www.doseview.com/sites/g/files/qhldwo10681/themes/site/themes/custom/fonts/glyphicons-halflings-regular-3.html]
[www.doseview.com/sites/g/files/qhldwo10681/themes/site/themes/custom/fonts/glyphicons-halflings-regular-4.html]
[www.doseview.com/sites/g/files/qhldwo10681/themes/site/themes/custom/fonts/glyphicons-halflings-regular-5.html]
[www.doseview.com/sites/g/files/qhldwo10681/themes/site/themes/custom/doseview/fonts/fontawesome-webfonte0a5.html]
[www.doseview.com/sites/g/files/qhldwo10681/themes/site/themes/custom/doseview/fonts/fontawesome-webfont.html]
[www.doseview.com/sites/g/files/qhldwo10681/themes/site/themes/custom/doseview/fonts/fontawesome-webfonte0a5-2.html]
[www.doseview.com/sites/g/files/qhldwo10681/themes/site/themes/custom/doseview/fonts/fontawesome-webfonte0a5-3.html]
[www.doseview.com/sites/g/files/qhldwo10681/themes/site/themes/custom/doseview/fonts/fontawesome-webfonte0a5-4.html]
[www.doseview.com/sites/g/files/qhldwo10681/themes/site/themes/custom/doseview/fonts/fontawesome-webfonte0a5-5.html]
[www.doseview.com/sites/g/files/qhldwo10681/themes/site/themes/custom/doseview/images/arrow-e-white.svg]
[www.doseview.com/sites/g/files/qhldwo10681/themes/site/themes/custom/doseview/images/arrow-e-white.svg]
