[www.sozoseifoundation.org/index.html]
[assets.adobedtm.com/3f0d2e2dbd42/6921187d86e0/launch-a3c2c008da2b.min.js]
[www.sozoseifoundation.org/sites/g/files/qhldwo12076/files/favicon.png]
[backblue.gif]
[fade.gif]
[index.html]
[www.sozoseifoundation.org/rss.xml]
[www.sozoseifoundation.org/sites/g/files/qhldwo12076/files/css/optimized/css_P4KMzyTcqt6rkIieW9vKdorhCB0vdnJGYWBdJMJeTzo.TZ3jD0TRVRE7BeJn7es_U0M5wgsCE1s3uVTivjLx8GE9ca7.css]
[www.sozoseifoundation.org/sites/g/files/qhldwo12076/files/css/optimized/css_LpLEHnNmBeNomdeshUVLu1Syq1pS0x0vn8U1JktGdnw.cczDS7nvbthupsSysMdGwqZTpzUekd8SDezy7Dfom8s9ca7.css]
[www.sozoseifoundation.org/sites/g/files/qhldwo12076/files/css/optimized/css_bRERo_ZBIrKXBca6rUFbiqU9s5rH-7cgquoq_zxLxg0.l_5ZkiCBh5EcPa_3_oVW7iVMoKNAq5rw47oEzn5A4uM9ca7.css]
[www.sozoseifoundation.org/sites/g/files/qhldwo12076/files/css/optimized/css_Mo82ZZ31cKXAwJBOcyUs1IWfMb405vnexRv9Axiu1E4.x5nsh_uKblK9k6iDq9xx7vDex30jZc5ML0YXij4JCf09ca7.css]
[www.sozoseifoundation.org/sites/g/files/qhldwo12076/files/css/optimized/css_RLxG-gqUEGneV3kUIer3dfxF4x3bAorByjG8Qz4sPBM.xXMNGfQ_Fg-qR68p9-HcK6_Dk751qnHSHck8d1oYM8A9ca7.css]
[www.sozoseifoundation.org/sites/g/files/qhldwo12076/files/css/optimized/css_ht7sxmQu2oTKSoGWt1ndSu3IDPctjktF20Rb0cf9vn4.oGRZYK3hUnYKbO_AsDc2qVZcCaRslLLdOeVNpYW94w09ca7.css]
[www.sozoseifoundation.org/sites/g/files/qhldwo12076/files/css/optimized/css_m0smgWnMf514_r7TQkN__Pmr-_EH0FhDUjHaC8_cg0Y.jiFd5LMGtWQL0RHvuL0HUhk6UP0nnDmlqEDhsWV3hZw9ca7.css]
[www.sozoseifoundation.org/sites/g/files/qhldwo12076/files/css/optimized/css_9IddknSS13t2ZyGl1lrdq4Z3fnmU4_26LqVcG7jPJm8.FEwrmWV0ovFgA4SIWN6G3FrTSG-0_hSl1aedE0CG52M9ca7.css]
[www.sozoseifoundation.org/sites/g/files/qhldwo12076/files/css/optimized/css_y2KkHmWi-iiWSvPhQM4xjMPJI2Kq5GDsavt625YsE1k.UlHsmm1_nMVLIFNj1w6zi_Z1F_jgKzrgToXJz1-Qgig9ca7.css]
[www.sozoseifoundation.org/sites/g/files/qhldwo12076/files/css/optimized/css_o46CzKmvZWVf3RwRT952gosDfYneGHPAINcJDkXQKKw.NegrY1KQZCBYOWf1xFStGFkaJwbmNTZOwWLcjj0G6uA9ca7.css]
[www.sozoseifoundation.org/sites/g/files/qhldwo12076/files/css/optimized/css_jro9FUjuN8bUVm-dn4S-fVOXWDw6GfZ4jFF67yqKvr8.Sk-ip5PYfIjxUJ83DbxAtt7sIYi2qRj5I2X4c7e8Vm09ca7.css]
[www.sozoseifoundation.org/sites/g/files/qhldwo12076/files/css/optimized/css_vnoMeoxaaLGzIou_V9Kktno_BnLheyZ-Zy2-FOj2Ops.kpMc62oK0cmz6PxvM1ud_W8MfI7jbwibsQJBwUKnj6o9ca7.css]
[www.sozoseifoundation.org/sites/g/files/qhldwo12076/files/css/optimized/css_4S2XvMVxhh1162PlqfEQeBQaubiYb-MN7lOIbBqXpXE.CsAauDK4Ec3C392vKLovHuPvO7ZIbLrrQkIm_ece5iU9ca7.css]
[www.sozoseifoundation.org/sites/g/files/qhldwo12076/files/css/optimized/css_EqnnaMezCBOH6YcrQ38QIn0P5PWWSvg-HXqGXLk6UhQ.KZBkzzAnxe-rSrbfNF3hMC36Vi24PspRllNxk4SA9Ww9ca7.css]
[www.sozoseifoundation.org/sites/g/files/qhldwo12076/files/css/optimized/css_d3ogRY7fV4G8Hj9ztz6WM686MrDqfMQU5ewlNnkbV1U.A4n9-U8_QJVjIJIcy2xAyVF3cBAH-V6hbNYZ7kbwFc49ca7.css]
[www.sozoseifoundation.org/sites/g/files/qhldwo12076/files/css/optimized/css_4MbGDD09zXMiaSdgai7zf5Zry4cIquHKTiI26DHZFD8.2mNgp1qsab5wdrSlpKLQv707xKZ0u6LnqctpgDVxkVk9ca7.css]
[www.sozoseifoundation.org/sites/g/files/qhldwo12076/files/css/optimized/css_rqST7RlqY6jgCjogaMTorcWI2MBPaDDrbwfxUNmLDZM.0Qb5zpcCHmzpoF5ZOnDsfklWZn6rg3JsnrG0c7cJ-449ca7.css]
[www.sozoseifoundation.org/sites/g/files/qhldwo12076/files/css/optimized/css_V7_5j6X6-ZXUSwrIy0UxLbhQhQ18plAkSn4n6_XrtFA.Sck_lNbYeezb7aVdHY3eDiALslpy4_064Lw7lYxl1bo9ca7.css]
[www.sozoseifoundation.org/sites/g/files/qhldwo12076/files/css/optimized/css_RPwu-z18hkkrgOHREpeTOwNsO3dQ-n65AI2FdxQW0Dg.NBaa9xsCtF_rCNvid3JjjAs77Sb-JtnwFbAZvmTkOJs9ca7.css]
[www.sozoseifoundation.org/sites/g/files/qhldwo12076/files/css/optimized/css_vWZILEH5_cNAqHaIjE2h_UcoxoXZ_iSyajYGszs3jM0.HiKkf9lZdqaJQXkPrs9ZFj2m1hdaIOMzaD5UyR8a2jo9ca7.css]
[www.sozoseifoundation.org/sites/g/files/qhldwo12076/files/css/optimized/css_t_V-x-_cGWOx9Ez_4oBYM7kUa-jtUVdm7tifj_XKKUU.8TWxpR-espueLWl5ZKOIVWbmC_bmf3a-I2R4ylDcxPg9ca7.css]
[www.sozoseifoundation.org/sites/g/files/qhldwo12076/files/css/optimized/css_91BCDYY01qHxZJ4MSRkKYwHauJw81w3sKXvPcZW6puQ.afz3aCt3EXZjTcVN6wxBLPnsQN-THVagSA7lG0ftFZg9ca7.css]
[www.sozoseifoundation.org/sites/g/files/qhldwo12076/files/css/optimized/css_rVqyYZFt6Evtl3fYEq6czIGri03gx9wRjz3Y_ItWYEU.hI45W2fFp3YRRCWsnqTMT4Cc3KLK8mhf0vapTrpMcjg9ca7.css]
[www.sozoseifoundation.org/sites/g/files/qhldwo12076/files/css/optimized/css_qO2AoishdJKLKCtcndQBjWGM8F-wZAF9orv7nXKx68o.jiwRVixNti_KpzDO5iPoTJogURXeS7E3hcxDTBUoMdo9ca7.css]
[www.sozoseifoundation.org/sites/g/files/qhldwo12076/files/css/optimized/css_UF7ljNEy5Lc8cUWBxDk9g7IM11HuHz9ssrsS1MFZX20.PcTIl2kX5I0nHcAbnOqbD9G1KBH7SoW6XYB3NbAxL1o9ca7.css]
[www.sozoseifoundation.org/sites/g/files/qhldwo12076/files/css/optimized/css_Nzm2F3xJlahM2jdRzicLk9wgE1ZT9IqT0sxDYtn4GHw.KaYwz1ERkBIz-UiHRQyf6Rieoj9roIwOfGBimzuFBJ49ca7.css]
[www.sozoseifoundation.org/sites/g/files/qhldwo12076/files/css/optimized/css_1rvzKwYydUJvySPfT7DtPc8fI0oPy2FglyIV09Fl8oE.ydl-_XuUdZXSWbT_lFCJqt0hfBose6GqYVkPnNls7PU9ca7.css]
[www.sozoseifoundation.org/sites/g/files/qhldwo12076/files/css/optimized/css_CeRwom0PAvGUuy7W0NxSt_HRil2MSjwd7p5sWhu67xs.EFBJOYM0AbU5CZ8v4EDINGiJ24OHragjMPH8N3vC_GQ9ca7.css]
[www.sozoseifoundation.org/sites/g/files/qhldwo12076/files/css/optimized/css_JXwuQLNySt7YEiyIafCDAhSDOBW5aW87ZaWwTZEqGbg.J63kRIITpwMJ_0yOYVfko4bSSvfImr7LjfLP2I_GVwE9ca7.css]
[www.sozoseifoundation.org/sites/g/files/qhldwo12076/files/css/optimized/css_Sw8T02rBw9Z7xsftE6ZM9rJ5umht_AvIYQNAxjwegD8.aUAQ43IqLoV1rvDGaEtgzu2WmVqVWNVvvffucznMBDg9ca7.css]
[www.sozoseifoundation.org/sites/g/files/qhldwo12076/files/css/optimized/css_L5f691Y6OmOZJl02aK1aFZ8ruvcIWJm7QSxPu2q6KMU.LmcmpEXQcHAZgKa6XkUjgfapzy-5JlrldLhhw_bCFhI9ca7.css]
[www.sozoseifoundation.org/sites/g/files/qhldwo12076/files/css/optimized/css_yGEmdijJ6nazKKcJTIDZb-gipnfpmm6HdEdn-AdmlEA.VLdjyTd1Y5iq3TEnxIGQKUYjgUfR_K3BaXdzqeMJESA9ca7.css]
[www.sozoseifoundation.org/sites/g/files/qhldwo12076/files/css/optimized/css_e-ha61-8JqW42ygHCse4GYVczoe6jxRRgFzom2fxTTs.IyD3ZuwvGFxDB4V85OBhB21DEVldaw8uKcZmJcH71DE9ca7.css]
[www.sozoseifoundation.org/sites/g/files/qhldwo12076/files/css/optimized/css_cjDI52aJ1Vdr-7A_JokZBl0QRxFBCYPZ0-NJTg5pO_Y.3A-1R8NGXOfT-cjFMieNlGb8_ksUd7s0bAMfL12i_Yg9ca7.css]
[www.sozoseifoundation.org/sites/g/files/qhldwo12076/files/css/optimized/css_V79B7a4qTRJakLA2xfHJmi-DCCztIRV1QuOaDHeVTxg.G6s4gPZTzE0ATCAS6U7tUJCboKbP2FQNWl_858r1bAM9ca7.css]
[www.sozoseifoundation.org/sites/g/files/qhldwo12076/files/css/optimized/css_bEZMFRPzO-2aTxw1AlwlSYaf1ivetnEFRWi7RwiDRHI.sW8RlxTZ2-Oa-J0msFRdEM_DR1Ehb97Rn_aLLFB4pIs9ca7.css]
[www.sozoseifoundation.org/sites/g/files/qhldwo12076/files/css/optimized/css_kV3eX0I_qlJpX1GGDsziko2rskvlJnj2czM_H_UGn5U.gN2SiQ6ztc8pmPMUFmi_lWhDdk8QJ-A43y3IDOFFvYs9ca7.css]
[www.sozoseifoundation.org/sites/g/files/qhldwo12076/files/css/optimized/css_3qlPrycG9AtdJQ_YShrNltTnnc14XgV1o_usquKsIY4.XnHCPOsADQYNZljJoJ75PvKVevo4nXQYFNm7N4M-cE89ca7.css]
[www.sozoseifoundation.org/sites/g/files/qhldwo12076/files/css/optimized/css_SyL6713bJz4VzkK2SfEx2PZVfO8E_Grsaxet1SwEQmU.Miyqnl_bmWpa-p72KDs_BkbHLCrdLyVAqCrCTnx9kXo9ca7.css]
[www.sozoseifoundation.org/sites/g/files/qhldwo12076/files/css/optimized/css_Cpr4lLkyjMwfaGmXsOqOycH_S7t7QPIeBpynTJJ41FU.fg9D1yGwfSnWMQ4xqgN6KDcePYXVrSdZKrHaqzpYnlQ9ca7.css]
[www.sozoseifoundation.org/sites/g/files/qhldwo12076/files/css/optimized/css_DdDn1MBEZK8VYyM-mRwQoqOCeg6D6xselAwWsDd_Ww8.oIp3LEn-9Xf9Xgo3Zj1tAQRzvkB2NJa-2ynPdxdrx7g9ca7.css]
[www.sozoseifoundation.org/sites/g/files/qhldwo12076/files/css/optimized/css_C5pLAVLDSYD88KXTwIwfUHo-UIQNX-u2HCLBXD6c8v8.WxWebvQdu6Hf-lbiqSJzOoFlagAyS8-CubDkjNavMlo9ca7.css]
[www.sozoseifoundation.org/sites/g/files/qhldwo12076/files/css/optimized/css_KcWoJZNBEXNRWCa3YGmNXV267kZTwCB6ixIuQ2drNG4.tG4PQo_c5AZ3q-Q_M1dQI7Gy2HzDKFE4uwayUzE6dmU9ca7.css]
[www.sozoseifoundation.org/sites/g/files/qhldwo12076/files/css/optimized/css_jyqAAcsudcfC9PcJd63Dc817q1h3P41zWEKQKpwuf9g.cyrD0eC-RUl-wnWy2bP5JmYeJDpNgNqCQKv-ql7uIb09ca7.css]
[www.sozoseifoundation.org/sites/g/files/qhldwo12076/files/css/optimized/css_zcWWoPyqxP6Ts9j1UmpKlAdXL0LxFdAFsvh7LHGP9hg.58lhDsDZIxceyCLXHJtgVFa2kDIKcvRUavOK7fh3N6c9ca7.css]
[www.sozoseifoundation.org/sites/g/files/qhldwo12076/files/css/optimized/css_v7Q33bGI1xcDVAJ-XqDcpKbhFPCB2YMUx-EVRneODOo.2Z3U1YHHAG6r7rrI532-rpb7xDDPoov_-iIvQ0jRcSc9ca7.css]
[www.sozoseifoundation.org/sites/g/files/qhldwo12076/files/css/optimized/css_RXsj9VMvl9LttbP-7mR4MY80vqjpgLu1pn_NiS2ZidM.PfKATmbGGRjzVH73GLZ_IOvantoRKNiyAdhQLT_eiOo9ca7.css]
[www.sozoseifoundation.org/sites/g/files/qhldwo12076/files/css/optimized/css_ML4GSbBb997wSR-dgj-f8aoiqvnLrAKqJTxGLUi4T4k.1MAwGLzBSKlAv2g3w9tKkblphosSihFjs1KIoUwwtyI9ca7.css]
[www.sozoseifoundation.org/sites/g/files/qhldwo12076/files/css/optimized/css_WCCUzL6ZZFxt1yp9u1x9FaX60POhaQAKUf3y3oSZXKo.ZIdlytHG_115s8HIiCv85_L6cy_ZPH9GMIiyqYHU_po9ca7.css]
[stackpath.bootstrapcdn.com/bootstrap/4.1.1/css/bootstrap.min.css]
[maxcdn.bootstrapcdn.com/bootstrap/4.4.1/css/bootstrap.min.css]
[stackpath.bootstrapcdn.com/font-awesome/4.7.0/css/font-awesome.min.css]
[www.sozoseifoundation.org/sites/g/files/qhldwo12076/files/css/optimized/css_vtaDTKfqv24SAVIvo4SxN7m27To3HT4PwVPdRxMHQGA.uj9xzXyKiZdnx1SAZbNRY58KpczHPp9D6eRdPxUUWr09ca7.css]
[www.sozoseifoundation.org/sites/g/files/qhldwo12076/files/css/optimized/css_Vsjfzx92GHuolGoPjTsX1cu1_rzTzTT-1YjkPhGVZUQ.0PS7D-3b23WXts4txRYbLb3VddB3M5qDqUML9TxuUb49ca7.css]
[www.sozoseifoundation.org/sites/g/files/qhldwo12076/files/css/optimized/css_A50fhPG3eJ-mmlocZo_MSSV-_Hy9U3HWwOZpvgaQnCE.rAsjdKVo-uMdrdnbeEQMYuDewZ_eeyYc9zMa4SQFZ189ca7.css]
[www.sozoseifoundation.org/sites/g/files/qhldwo12076/files/js/optimized/js_Hpe5jrMuKXrV4HSTMApXJsNBxraAgcHUrTjxkwWKqy8.9H1W9OQqD9V27idEVOJMCFAQtGS4Scq-gAQciKr0U2Mfe04.js]
[www.sozoseifoundation.org/modules/contrib/adobe_launch/js/adobe_launch_dtm_init9ca7.js]
[www.sozoseifoundation.org/modules/contrib/google_tag/js/gtag9ca7.js]
[www.sozoseifoundation.org/modules/contrib/google_tag/js/gtm9ca7.js]
[www.sozoseifoundation.org/sites/g/files/qhldwo12076/themes/site/themes/custom/otsuka_theme/logo.svg]
[www.sozoseifoundation.org/approach.html]
[www.sozoseifoundation.org/leadership-team.html]
[www.sozoseifoundation.org/program-areas/decriminalizing-mental-illness.html]
[www.sozoseifoundation.org/program-areas/archived-program-areas.html]
[www.sozoseifoundation.org/convenings.html]
[www.sozoseifoundation.org/grantmaking.html]
[www.sozoseifoundation.org/grantee-partners.html]
[www.sozoseifoundation.org/news-and-reports.html]
[www.sozoseifoundation.org/resources.html]
[www.sozoseifoundation.org/podcasts.html]
[www.sozoseifoundation.org/sozosei-lab-decriminalizing-mental-illness.html]
[www.sozoseifoundation.org/contact]
[www.sozoseifoundation.org/media/sozoseifoundationregisteredlogowhitepng1bda.html]
[www.sozoseifoundation.org/cdn-cgi/scripts/7d0fa10a/cloudflare-static/rocket-loader.min.js]
[www.sozoseifoundation.org/sites/g/files/qhldwo12076/files/js/optimized/js_dxIVcwvQ00owLGoUGPTfRYXU-T5rnj8Xi0cXfb3Kn58._JqT3SQfawRcv_BIHPThkBvs0OEvtFFmqPF_lYI_Cxod734.js]
[cdnjs.cloudflare.com/ajax/libs/popper.js/1.16.0/umd/popper.min.js]
[maxcdn.bootstrapcdn.com/bootstrap/4.4.1/js/bootstrap.min.js]
[www.sozoseifoundation.org/sites/g/files/qhldwo12076/files/js/optimized/js_w0iO3No0CsyHgJmryEbhwpkh5zx6m6dhvawBt4ufwyA.HRN_m4FplP890kDvBJQuv0fEgTHDKwrMZA2zBldV1JYf700.js]
[www.sozoseifoundation.org/sites/g/files/qhldwo12076/files/js/optimized/js_V1oRQ-kJlXBZaEklOtPUe_1t8-l0RS94HJ3gsqxKikc.LMtm7OsF5tFcpxpmBexOddu30l-Xz-FUCSBPovfiEt8fe04.js]
[www.sozoseifoundation.org/sites/g/files/qhldwo12076/files/js/optimized/js_KRjtvzl6UujB23-j_sF6dqOcbqg2z8ej98A8RU9bGsg.kjk12BMQYgWzHTlTsh40oAfzJ1jsDD0rpt092h-M9ukfe04.js]
[www.sozoseifoundation.org/sites/g/files/qhldwo12076/files/js/optimized/js_WmhavmnC0K35xZ9vLX51qtRqFT74puvZXIMWnNUYpbM.HmKlReEYCiV9GnfhxV81WuXqMJ6i6CJEQgYJrzlXRtw0559.js]
[www.sozoseifoundation.org/sites/g/files/qhldwo12076/files/js/optimized/js_dh4h8p395AfeO3BZGGIdx2Jd_FIFMbKLP_6HaMLYOP8.N4zORYOMz50OaeCKmcxndo78fWChjHWII5OFwV9BXf49ca7.js]
[www.sozoseifoundation.org/sites/g/files/qhldwo12076/files/js/optimized/js_vr1FuvoslbyfA18d384oUsCIPGpZuBoCebB92WKrBc0.R40c0ICtilcLs5UHGfKW05wH5So7hnzdD4IquSNvwz0fe04.js]
[www.sozoseifoundation.org/sites/g/files/qhldwo12076/files/js/optimized/js_5lyEgtuYzFbknt789sXbvgY6WOEBhn68zCRaGR5wIJc.pydd31qeaVwnZ7zmVFZER7RdslYTSa4L05Z96Bj0rpAfe04.js]
[www.sozoseifoundation.org/sites/g/files/qhldwo12076/files/js/optimized/js_1woVuTYaOTc9db19BvtYERQ-r3zrWbaX8Iy9t_Z2qoM.pMTBYmavvxWwegzqwJmMmmYVLsQ3cxiWBi9yq_dxzNMe0a5.js]
[www.sozoseifoundation.org/sites/g/files/qhldwo12076/files/js/optimized/js_mjv4qhOv2_1-EQeYpZwvWqHcMokP3Cu36uHh9tRNXFY.CJF84Dv0PjH3KPaqgwzS-NJS45qPbXaVePB7UAw-uH8fe04.js]
[www.sozoseifoundation.org/sites/g/files/qhldwo12076/files/js/optimized/js_ezwJb8QjKN82W11Y2widYXtFt5DfOo-fgZxIg_9sAik.s0ftg9DcYKonxRNsyujPK8mZFoHu6DwZvsB0967odSIfe04.js]
[www.sozoseifoundation.org/sites/g/files/qhldwo12076/files/js/optimized/js_G8podNJjOsxKvo_RVe4-f79_ME43boCp5OhhwF87kOc.CmHewv09bU-2iMTQUA9fYmgUfGdx8v6eCV0c0HTKVv0fe04.js]
[www.sozoseifoundation.org/sites/g/files/qhldwo12076/files/js/optimized/js_RpLV1j1SEgkAOBNxIxvzKXRlefOlhPa03lpGt46bJEg.ipSHo_VRPfgKJstENA8BEd0ZaAk6UUuLrs-5LtKGyFwfe04.js]
[www.sozoseifoundation.org/sites/g/files/qhldwo12076/files/js/optimized/js_7kTjNEvPJ5UZL6uievkNOLQiB6EAp_EoWOtMIBg2ZvY.9_wEuUYaQN-jbSfCsq2220fPqkpgXbJ8aZ60tXdWw8Ufe04.js]
[www.sozoseifoundation.org/sites/g/files/qhldwo12076/files/js/optimized/js_mFzUkjUxStqgHC8aG7xRbdL6fE1PCi6EiNgqsEIWhqc.akPIL5F6ygowEntokyWY4_Tg4pNQtEi97UIJcojA29M9ca7.js]
[www.sozoseifoundation.org/sites/g/files/qhldwo12076/files/js/optimized/js_RSuTClh5zpepaUVhaBLWLILzh5HmT_sK9pANvEY61_0.JJLascvZT3xEzNZrtSxW1vyadTX2-hupGs6kHrowZqM9ca7.js]
[www.sozoseifoundation.org/index.html]
[www.sozoseifoundation.org/helpers/getObjectProperty.js]
[assets.adobedtm.com/3f0d2e2dbd42/6921187d86e0/launch-a3c2c008da2b.min.js]
[www.sozoseifoundation.org/sites/g/files/qhldwo12076/files/css/optimized/css_P4KMzyTcqt6rkIieW9vKdorhCB0vdnJGYWBdJMJeTzo.TZ3jD0TRVRE7BeJn7es_U0M5wgsCE1s3uVTivjLx8GE9ca7.css]
[www.sozoseifoundation.org/themes/contrib/stable/images/core/throbber-active.gif]
[www.sozoseifoundation.org/themes/contrib/stable/images/core/loading-small.gif]
[www.sozoseifoundation.org/sites/g/files/qhldwo12076/files/css/optimized/css_LpLEHnNmBeNomdeshUVLu1Syq1pS0x0vn8U1JktGdnw.cczDS7nvbthupsSysMdGwqZTpzUekd8SDezy7Dfom8s9ca7.css]
[www.sozoseifoundation.org/sites/g/files/qhldwo12076/files/css/optimized/css_bRERo_ZBIrKXBca6rUFbiqU9s5rH-7cgquoq_zxLxg0.l_5ZkiCBh5EcPa_3_oVW7iVMoKNAq5rw47oEzn5A4uM9ca7.css]
[www.sozoseifoundation.org/sites/g/files/qhldwo12076/files/css/optimized/css_Mo82ZZ31cKXAwJBOcyUs1IWfMb405vnexRv9Axiu1E4.x5nsh_uKblK9k6iDq9xx7vDex30jZc5ML0YXij4JCf09ca7.css]
[www.sozoseifoundation.org/sites/g/files/qhldwo12076/files/css/optimized/css_RLxG-gqUEGneV3kUIer3dfxF4x3bAorByjG8Qz4sPBM.xXMNGfQ_Fg-qR68p9-HcK6_Dk751qnHSHck8d1oYM8A9ca7.css]
[www.sozoseifoundation.org/sites/g/files/qhldwo12076/files/css/optimized/css_ht7sxmQu2oTKSoGWt1ndSu3IDPctjktF20Rb0cf9vn4.oGRZYK3hUnYKbO_AsDc2qVZcCaRslLLdOeVNpYW94w09ca7.css]
[www.sozoseifoundation.org/sites/g/files/qhldwo12076/files/css/optimized/css_m0smgWnMf514_r7TQkN__Pmr-_EH0FhDUjHaC8_cg0Y.jiFd5LMGtWQL0RHvuL0HUhk6UP0nnDmlqEDhsWV3hZw9ca7.css]
[www.sozoseifoundation.org/sites/g/files/qhldwo12076/files/css/optimized/css_9IddknSS13t2ZyGl1lrdq4Z3fnmU4_26LqVcG7jPJm8.FEwrmWV0ovFgA4SIWN6G3FrTSG-0_hSl1aedE0CG52M9ca7.css]
[www.sozoseifoundation.org/sites/g/files/qhldwo12076/files/css/optimized/css_y2KkHmWi-iiWSvPhQM4xjMPJI2Kq5GDsavt625YsE1k.UlHsmm1_nMVLIFNj1w6zi_Z1F_jgKzrgToXJz1-Qgig9ca7.css]
[www.sozoseifoundation.org/sites/g/files/qhldwo12076/files/css/optimized/css_o46CzKmvZWVf3RwRT952gosDfYneGHPAINcJDkXQKKw.NegrY1KQZCBYOWf1xFStGFkaJwbmNTZOwWLcjj0G6uA9ca7.css]
[www.sozoseifoundation.org/sites/g/files/qhldwo12076/files/css/optimized/css_jro9FUjuN8bUVm-dn4S-fVOXWDw6GfZ4jFF67yqKvr8.Sk-ip5PYfIjxUJ83DbxAtt7sIYi2qRj5I2X4c7e8Vm09ca7.css]
[www.sozoseifoundation.org/sites/g/files/qhldwo12076/files/css/optimized/css_vnoMeoxaaLGzIou_V9Kktno_BnLheyZ-Zy2-FOj2Ops.kpMc62oK0cmz6PxvM1ud_W8MfI7jbwibsQJBwUKnj6o9ca7.css]
[www.sozoseifoundation.org/sites/g/files/qhldwo12076/files/css/optimized/css_4S2XvMVxhh1162PlqfEQeBQaubiYb-MN7lOIbBqXpXE.CsAauDK4Ec3C392vKLovHuPvO7ZIbLrrQkIm_ece5iU9ca7.css]
[www.sozoseifoundation.org/sites/g/files/qhldwo12076/files/css/optimized/css_EqnnaMezCBOH6YcrQ38QIn0P5PWWSvg-HXqGXLk6UhQ.KZBkzzAnxe-rSrbfNF3hMC36Vi24PspRllNxk4SA9Ww9ca7.css]
[www.sozoseifoundation.org/themes/contrib/stable/images/core/icons/e32700/error.svg]
[www.sozoseifoundation.org/themes/contrib/stable/images/core/icons/e29700/warning.svg]
[www.sozoseifoundation.org/sites/g/files/qhldwo12076/files/css/optimized/css_d3ogRY7fV4G8Hj9ztz6WM686MrDqfMQU5ewlNnkbV1U.A4n9-U8_QJVjIJIcy2xAyVF3cBAH-V6hbNYZ7kbwFc49ca7.css]
[www.sozoseifoundation.org/sites/g/files/qhldwo12076/files/css/optimized/css_4MbGDD09zXMiaSdgai7zf5Zry4cIquHKTiI26DHZFD8.2mNgp1qsab5wdrSlpKLQv707xKZ0u6LnqctpgDVxkVk9ca7.css]
[www.sozoseifoundation.org/sites/g/files/qhldwo12076/files/css/optimized/css_rqST7RlqY6jgCjogaMTorcWI2MBPaDDrbwfxUNmLDZM.0Qb5zpcCHmzpoF5ZOnDsfklWZn6rg3JsnrG0c7cJ-449ca7.css]
[www.sozoseifoundation.org/themes/contrib/stable/images/core/icons/73b355/check.svg]
[www.sozoseifoundation.org/themes/contrib/stable/images/core/icons/787878/twistie-down.svg]
[www.sozoseifoundation.org/sites/g/files/qhldwo12076/files/css/optimized/css_V7_5j6X6-ZXUSwrIy0UxLbhQhQ18plAkSn4n6_XrtFA.Sck_lNbYeezb7aVdHY3eDiALslpy4_064Lw7lYxl1bo9ca7.css]
[www.sozoseifoundation.org/sites/g/files/qhldwo12076/files/css/optimized/css_RPwu-z18hkkrgOHREpeTOwNsO3dQ-n65AI2FdxQW0Dg.NBaa9xsCtF_rCNvid3JjjAs77Sb-JtnwFbAZvmTkOJs9ca7.css]
[www.sozoseifoundation.org/sites/g/files/qhldwo12076/files/css/optimized/css_vWZILEH5_cNAqHaIjE2h_UcoxoXZ_iSyajYGszs3jM0.HiKkf9lZdqaJQXkPrs9ZFj2m1hdaIOMzaD5UyR8a2jo9ca7.css]
[www.sozoseifoundation.org/sites/g/files/qhldwo12076/files/css/optimized/css_t_V-x-_cGWOx9Ez_4oBYM7kUa-jtUVdm7tifj_XKKUU.8TWxpR-espueLWl5ZKOIVWbmC_bmf3a-I2R4ylDcxPg9ca7.css]
[www.sozoseifoundation.org/sites/g/files/qhldwo12076/files/css/optimized/css_91BCDYY01qHxZJ4MSRkKYwHauJw81w3sKXvPcZW6puQ.afz3aCt3EXZjTcVN6wxBLPnsQN-THVagSA7lG0ftFZg9ca7.css]
[www.sozoseifoundation.org/sites/g/files/qhldwo12076/files/css/optimized/css_rVqyYZFt6Evtl3fYEq6czIGri03gx9wRjz3Y_ItWYEU.hI45W2fFp3YRRCWsnqTMT4Cc3KLK8mhf0vapTrpMcjg9ca7.css]
[www.sozoseifoundation.org/sites/g/files/qhldwo12076/files/css/optimized/css_qO2AoishdJKLKCtcndQBjWGM8F-wZAF9orv7nXKx68o.jiwRVixNti_KpzDO5iPoTJogURXeS7E3hcxDTBUoMdo9ca7.css]
[www.sozoseifoundation.org/sites/g/files/qhldwo12076/files/css/optimized/css_UF7ljNEy5Lc8cUWBxDk9g7IM11HuHz9ssrsS1MFZX20.PcTIl2kX5I0nHcAbnOqbD9G1KBH7SoW6XYB3NbAxL1o9ca7.css]
[www.sozoseifoundation.org/sites/g/files/qhldwo12076/files/css/optimized/css_Nzm2F3xJlahM2jdRzicLk9wgE1ZT9IqT0sxDYtn4GHw.KaYwz1ERkBIz-UiHRQyf6Rieoj9roIwOfGBimzuFBJ49ca7.css]
[www.sozoseifoundation.org/themes/contrib/stable/images/core/icons/787878/twistie-up.svg]
[www.sozoseifoundation.org/themes/contrib/classy/images/misc/menu-expanded.png]
[www.sozoseifoundation.org/sites/g/files/qhldwo12076/files/css/optimized/css_1rvzKwYydUJvySPfT7DtPc8fI0oPy2FglyIV09Fl8oE.ydl-_XuUdZXSWbT_lFCJqt0hfBose6GqYVkPnNls7PU9ca7.css]
[www.sozoseifoundation.org/sites/g/files/qhldwo12076/files/css/optimized/css_CeRwom0PAvGUuy7W0NxSt_HRil2MSjwd7p5sWhu67xs.EFBJOYM0AbU5CZ8v4EDINGiJ24OHragjMPH8N3vC_GQ9ca7.css]
[www.sozoseifoundation.org/sites/g/files/qhldwo12076/files/css/optimized/css_JXwuQLNySt7YEiyIafCDAhSDOBW5aW87ZaWwTZEqGbg.J63kRIITpwMJ_0yOYVfko4bSSvfImr7LjfLP2I_GVwE9ca7.css]
[www.sozoseifoundation.org/sites/g/files/qhldwo12076/files/css/optimized/css_Sw8T02rBw9Z7xsftE6ZM9rJ5umht_AvIYQNAxjwegD8.aUAQ43IqLoV1rvDGaEtgzu2WmVqVWNVvvffucznMBDg9ca7.css]
[www.sozoseifoundation.org/sites/g/files/qhldwo12076/files/css/optimized/css_L5f691Y6OmOZJl02aK1aFZ8ruvcIWJm7QSxPu2q6KMU.LmcmpEXQcHAZgKa6XkUjgfapzy-5JlrldLhhw_bCFhI9ca7.css]
[www.sozoseifoundation.org/themes/contrib/classy/images/icons/ee0000/required.svg]
[www.sozoseifoundation.org/sites/g/files/qhldwo12076/files/css/optimized/css_yGEmdijJ6nazKKcJTIDZb-gipnfpmm6HdEdn-AdmlEA.VLdjyTd1Y5iq3TEnxIGQKUYjgUfR_K3BaXdzqeMJESA9ca7.css]
[www.sozoseifoundation.org/themes/contrib/classy/images/icons/e32700/error.svg]
[www.sozoseifoundation.org/themes/contrib/classy/images/misc/help.png]
[www.sozoseifoundation.org/sites/g/files/qhldwo12076/files/css/optimized/css_e-ha61-8JqW42ygHCse4GYVczoe6jxRRgFzom2fxTTs.IyD3ZuwvGFxDB4V85OBhB21DEVldaw8uKcZmJcH71DE9ca7.css]
[www.sozoseifoundation.org/sites/g/files/qhldwo12076/files/css/optimized/css_cjDI52aJ1Vdr-7A_JokZBl0QRxFBCYPZ0-NJTg5pO_Y.3A-1R8NGXOfT-cjFMieNlGb8_ksUd7s0bAMfL12i_Yg9ca7.css]
[www.sozoseifoundation.org/sites/g/files/qhldwo12076/files/css/optimized/css_V79B7a4qTRJakLA2xfHJmi-DCCztIRV1QuOaDHeVTxg.G6s4gPZTzE0ATCAS6U7tUJCboKbP2FQNWl_858r1bAM9ca7.css]
[www.sozoseifoundation.org/sites/g/files/qhldwo12076/files/css/optimized/css_bEZMFRPzO-2aTxw1AlwlSYaf1ivetnEFRWi7RwiDRHI.sW8RlxTZ2-Oa-J0msFRdEM_DR1Ehb97Rn_aLLFB4pIs9ca7.css]
[www.sozoseifoundation.org/sites/g/files/qhldwo12076/files/css/optimized/css_kV3eX0I_qlJpX1GGDsziko2rskvlJnj2czM_H_UGn5U.gN2SiQ6ztc8pmPMUFmi_lWhDdk8QJ-A43y3IDOFFvYs9ca7.css]
[www.sozoseifoundation.org/themes/contrib/classy/images/misc/feed.svg]
[www.sozoseifoundation.org/themes/contrib/classy/images/misc/menu-collapsed.png]
[www.sozoseifoundation.org/themes/contrib/classy/images/misc/menu-collapsed-rtl.png]
[www.sozoseifoundation.org/sites/g/files/qhldwo12076/files/css/optimized/css_3qlPrycG9AtdJQ_YShrNltTnnc14XgV1o_usquKsIY4.XnHCPOsADQYNZljJoJ75PvKVevo4nXQYFNm7N4M-cE89ca7.css]
[www.sozoseifoundation.org/sites/g/files/qhldwo12076/files/css/optimized/css_SyL6713bJz4VzkK2SfEx2PZVfO8E_Grsaxet1SwEQmU.Miyqnl_bmWpa-p72KDs_BkbHLCrdLyVAqCrCTnx9kXo9ca7.css]
[www.sozoseifoundation.org/sites/g/files/qhldwo12076/files/css/optimized/css_Cpr4lLkyjMwfaGmXsOqOycH_S7t7QPIeBpynTJJ41FU.fg9D1yGwfSnWMQ4xqgN6KDcePYXVrSdZKrHaqzpYnlQ9ca7.css]
[www.sozoseifoundation.org/sites/g/files/qhldwo12076/files/css/optimized/css_DdDn1MBEZK8VYyM-mRwQoqOCeg6D6xselAwWsDd_Ww8.oIp3LEn-9Xf9Xgo3Zj1tAQRzvkB2NJa-2ynPdxdrx7g9ca7.css]
[www.sozoseifoundation.org/sites/g/files/qhldwo12076/files/css/optimized/css_C5pLAVLDSYD88KXTwIwfUHo-UIQNX-u2HCLBXD6c8v8.WxWebvQdu6Hf-lbiqSJzOoFlagAyS8-CubDkjNavMlo9ca7.css]
[www.sozoseifoundation.org/sites/g/files/qhldwo12076/files/css/optimized/css_KcWoJZNBEXNRWCa3YGmNXV267kZTwCB6ixIuQ2drNG4.tG4PQo_c5AZ3q-Q_M1dQI7Gy2HzDKFE4uwayUzE6dmU9ca7.css]
[www.sozoseifoundation.org/sites/g/files/qhldwo12076/files/css/optimized/css_jyqAAcsudcfC9PcJd63Dc817q1h3P41zWEKQKpwuf9g.cyrD0eC-RUl-wnWy2bP5JmYeJDpNgNqCQKv-ql7uIb09ca7.css]
[www.sozoseifoundation.org/sites/g/files/qhldwo12076/files/css/optimized/css_zcWWoPyqxP6Ts9j1UmpKlAdXL0LxFdAFsvh7LHGP9hg.58lhDsDZIxceyCLXHJtgVFa2kDIKcvRUavOK7fh3N6c9ca7.css]
[www.sozoseifoundation.org/sites/g/files/qhldwo12076/files/css/optimized/css_v7Q33bGI1xcDVAJ-XqDcpKbhFPCB2YMUx-EVRneODOo.2Z3U1YHHAG6r7rrI532-rpb7xDDPoov_-iIvQ0jRcSc9ca7.css]
[www.sozoseifoundation.org/themes/contrib/classy/images/icons/73b355/check.svg]
[www.sozoseifoundation.org/sites/g/files/qhldwo12076/files/css/optimized/css_RXsj9VMvl9LttbP-7mR4MY80vqjpgLu1pn_NiS2ZidM.PfKATmbGGRjzVH73GLZ_IOvantoRKNiyAdhQLT_eiOo9ca7.css]
[www.sozoseifoundation.org/sites/g/files/qhldwo12076/files/css/optimized/css_ML4GSbBb997wSR-dgj-f8aoiqvnLrAKqJTxGLUi4T4k.1MAwGLzBSKlAv2g3w9tKkblphosSihFjs1KIoUwwtyI9ca7.css]
[www.sozoseifoundation.org/themes/contrib/classy/images/icons/e29700/warning.svg]
[www.sozoseifoundation.org/sites/g/files/qhldwo12076/themes/site/themes/custom/otsuka_theme/assets/images/home_banner.png]
[www.sozoseifoundation.org/sites/g/files/qhldwo12076/themes/site/themes/custom/otsuka_theme/assets/images/contact-banner.png]
[www.sozoseifoundation.org/sites/g/files/qhldwo12076/themes/site/themes/custom/otsuka_theme/assets/images/mental-health.png]
[www.sozoseifoundation.org/sites/g/files/qhldwo12076/themes/site/themes/custom/otsuka_theme/assets/images/Sozosei_Website_Subpage_HowToApply.png]
[www.sozoseifoundation.org/sites/g/files/qhldwo12076/themes/site/themes/custom/otsuka_theme/assets/images/triangle2.png]
[www.sozoseifoundation.org/sites/g/files/qhldwo12076/themes/site/themes/custom/otsuka_theme/assets/images/triangle1.png]
[www.sozoseifoundation.org/sites/g/files/qhldwo12076/themes/site/themes/custom/otsuka_theme/assets/images/ProgramAreafooter2.png]
[www.sozoseifoundation.org/sites/g/files/qhldwo12076/themes/site/themes/custom/otsuka_theme/assets/images/annual_summit.png]
[www.sozoseifoundation.org/sites/g/files/qhldwo12076/themes/site/themes/custom/otsuka_theme/assets/images/otsuka-stone-background.jpg]
[www.sozoseifoundation.org/sites/g/files/qhldwo12076/files/css/optimized/css_WCCUzL6ZZFxt1yp9u1x9FaX60POhaQAKUf3y3oSZXKo.ZIdlytHG_115s8HIiCv85_L6cy_ZPH9GMIiyqYHU_po9ca7.css]
[stackpath.bootstrapcdn.com/bootstrap/4.1.1/css/bootstrap.min.css]
[maxcdn.bootstrapcdn.com/bootstrap/4.4.1/css/bootstrap.min.css]
[stackpath.bootstrapcdn.com/font-awesome/4.7.0/css/font-awesome.min.css]
[www.sozoseifoundation.org/sites/g/files/qhldwo12076/files/css/optimized/css_vtaDTKfqv24SAVIvo4SxN7m27To3HT4PwVPdRxMHQGA.uj9xzXyKiZdnx1SAZbNRY58KpczHPp9D6eRdPxUUWr09ca7.css]
[www.sozoseifoundation.org/sites/g/files/qhldwo12076/files/css/optimized/css_Vsjfzx92GHuolGoPjTsX1cu1_rzTzTT-1YjkPhGVZUQ.0PS7D-3b23WXts4txRYbLb3VddB3M5qDqUML9TxuUb49ca7.css]
[www.sozoseifoundation.org/sites/g/files/qhldwo12076/files/css/optimized/css_A50fhPG3eJ-mmlocZo_MSSV-_Hy9U3HWwOZpvgaQnCE.rAsjdKVo-uMdrdnbeEQMYuDewZ_eeyYc9zMa4SQFZ189ca7.css]
[www.sozoseifoundation.org/sites/g/files/qhldwo12076/themes/site/themes/custom/otsuka_theme/SozoseiFoundation_Registered_Logo_black.ai]
[www.sozoseifoundation.org/sites/g/files/qhldwo12076/themes/site/themes/custom/otsuka_theme/logo.svg]
[www.sozoseifoundation.org/approach.html]
[www.sozoseifoundation.org/sites/g/files/qhldwo12076/files/2024-06/M Beck Headshot 3 Web (1) (1)_0.jpg]
[www.sozoseifoundation.org/sites/g/files/qhldwo12076/files/2024-01/BillCarson-headshot-website.jpg]
[www.sozoseifoundation.org/sites/g/files/qhldwo12076/files/2023-04/KarenGalley.jpg]
[www.sozoseifoundation.org/sites/g/files/qhldwo12076/files/2024-06/2024 Mary Sozosei Headshot (3)_0.jpg]
[www.sozoseifoundation.org/sites/g/files/qhldwo12076/files/2024-06/Tarek Rabah crop (1).jpg]
[www.sozoseifoundation.org/sites/g/files/qhldwo12076/files/2024-12/resized_althastewartportraitsmall 2024.jpg]
[www.sozoseifoundation.org/leadership-team.html]
[www.sozoseifoundation.org/sites/g/files/qhldwo12076/files/css/optimized/css__tXOMQ_uWOQoGkxPIkKrYzmuYGPRZJLspbuuBhecWIA.GiFn5MShtam7MRUz7WYvAINlk6n3f-sZqVr7wKPgjek9ca7.css]
[www.sozoseifoundation.org/sites/g/files/qhldwo12076/files/css/optimized/css_7zXj1UdsdDfnq5F-zOomUtbAj6uvEULrUfxndhg_Eyc.k_rND5JI7WYRKvPertwUARoq3IrfcB53ddNaEaipWl49ca7.css]
[www.sozoseifoundation.org/sites/g/files/qhldwo12076/files/css/optimized/css_YFbfb9nALxrEjN5brfSrtPhETJGyvrLCCZD532-QNiA.gg7fFJZRPBSFdeCG5hXzpKqVD7TUUd8IsJJrRIo738w9ca7.css]
[www.sozoseifoundation.org/sites/g/files/qhldwo12076/files/css/optimized/css_8rOUSmT8iq0JiG7B6X6aP9GbfBBNlaA07uJD4sPlxmg.SjMKgsbyoL3DaldBonotQjIGSWzHgcLmwWoFYVZoNRA9ca7.css]
[www.sozoseifoundation.org/sites/g/files/qhldwo12076/files/inline-images/MISNAC.jpg]
[www.sozoseifoundation.org/media/Sozo_BookClub_Final_UpdatedAugust20231bda.pdf]
[www.sozoseifoundation.org/sites/g/files/qhldwo12076/files/js/optimized/js_LWCbglWZEmG4_eMI4CL9rRe_VQDYH-zbC5i8KOuyr5s.yJLTEr7gByl8aF_3l8khIOJwJfmE1qE5ZkoXgfup9is9ca7.js]
[www.sozoseifoundation.org/sites/g/files/qhldwo12076/files/js/optimized/js_9vcYRUOk5w6wXHDh7APLVHJcQoALNnVoeMWnt_MeaBk.oU_Q7u3bOJAjtUNHxPtw8vyGOcCj0g_5f8ZyYehsrxY9ca7.js]
[www.sozoseifoundation.org/program-areas/decriminalizing-mental-illness.html]
[www.sozoseifoundation.org/cdn-cgi/l/email-protection.html]
[www.sozoseifoundation.org/taxonomy/term/6.html]
[www.sozoseifoundation.org/taxonomy/term/11.html]
[www.sozoseifoundation.org/program-areas/archived-program-areas.html]
[www.sozoseifoundation.org/cdn-cgi/scripts/5c5dd728/cloudflare-static/email-decode.min.js]
[www.sozoseifoundation.org/sites/g/files/qhldwo12076/files/css/optimized/css_iJn9ATgbs3WXQ1teB-3jBWCe93gu28C3zqh9bvvKf78.wslEQBleahijQegg1RtSXoFEULRNceSqp7Kbwmtq0uk9ca7.css]
[www.sozoseifoundation.org/event/sozosei-foundation-virtual-book-club-entangled.html]
[www.sozoseifoundation.org/event/promise-litigation-decriminalize-mental-illness.html]
[www.sozoseifoundation.org/event/2024-sozosei-summit-decriminalize-mental-illness.html]
[www.sozoseifoundation.org/convenings2679.html]
[www.sozoseifoundation.org/sites/g/files/qhldwo12076/files/js/optimized/js_Y3Fgma6kLF9STKsIS0Enr6DF1fOo_HmqS0aPrMCG3Ow.1xNh7A7UGgC2Q2ItY7BajA4TdT8URgXCzdZvRP9tdwEe0a5.js]
[www.sozoseifoundation.org/sites/g/files/qhldwo12076/files/js/optimized/js_g7H1LRfFlzGfo1qSywv16rxKWHloq2EXhp4gJi28pWk.5t-67WG9CRA9FlePsxoyweJLLRKqh3nQQnDhH_NdOj0fe04.js]
[www.sozoseifoundation.org/sites/g/files/qhldwo12076/files/js/optimized/js_AVWcavf_qoYoXO3ylpnF3UfRGrQ4mh5rbkbTqsTd9tE.EUYhFq9zsR5bzexg-opTFCtpYodPqGtEcPKD9TSqoQIfe04.js]
[www.sozoseifoundation.org/sites/g/files/qhldwo12076/files/js/optimized/js__LEiGuaaZnnssG8zu_z7_N1kGV_g7HtAQnJiW3ddlDo.orv23hJ-J908BoZiRptmKejLqxpq2wNP4O_M8ElIEZIfe04.js]
[www.sozoseifoundation.org/convenings.html]
[www.sozoseifoundation.org/sites/g/files/qhldwo12076/files/css/optimized/css_WFN9Qa7nf5EBLKTFvXI4ts9dpDWA8UpV4ZvIZjPCXaQ.DYCyCDo9mA9tvqAz_JVvgve1w8h0xW0tFBZjDmfKp2k9ca7.css]
[www.sozoseifoundation.org/sites/g/files/qhldwo12076/files/css/optimized/css_F3VaTRjVW7I-N8hGXjgtncRFwCJSWkMQZUQum5jTn0E.2nGtHN63WED5RneUD0UwSbsa5gv95bECW16I-iuNhuI9ca7.css]
[www.sozoseifoundation.org/sites/g/files/qhldwo9251/files/2023-08/Sozo_SolutionLab_June2021_UpdatedAug2023a.pdf]
[www.sozoseifoundation.org/opportunity/sozosei-lab-decriminalizing-mental-illness-request-statements-interest-autumn-2025.html]
[www.sozoseifoundation.org/sites/g/files/qhldwo12076/files/2025-10/Sozosei_Lab Fellow Statement of Interst 2025.html]
[www.sozoseifoundation.org/grantmaking.html]
[www.sozoseifoundation.org/grantee-partners.html]
[www.sozoseifoundation.org/news-and-reports.html]
[www.sozoseifoundation.org/resources.html]
[www.sozoseifoundation.org/podcasts.html]
[www.sozoseifoundation.org/sozosei-lab-decriminalizing-mental-illness.html]
[www.sozoseifoundation.org/contact.html]
[www.sozoseifoundation.org/media/sozoseifoundationregisteredlogowhitepng1bda.html]
[www.sozoseifoundation.org/helpers/getObjectProperty.html]
[www.sozoseifoundation.org/themes/contrib/stable/images/core/icons/e32700/error.svg]
[www.sozoseifoundation.org/themes/contrib/stable/images/core/icons/e29700/warning.svg]
[www.sozoseifoundation.org/themes/contrib/stable/images/core/icons/73b355/check.svg]
[www.sozoseifoundation.org/themes/contrib/stable/images/core/icons/787878/twistie-down.svg]
[www.sozoseifoundation.org/themes/contrib/stable/images/core/icons/787878/twistie-up.svg]
[www.sozoseifoundation.org/themes/contrib/classy/images/icons/ee0000/required.svg]
[www.sozoseifoundation.org/themes/contrib/classy/images/icons/e32700/error.svg]
[www.sozoseifoundation.org/themes/contrib/classy/images/misc/feed.svg]
[www.sozoseifoundation.org/themes/contrib/classy/images/icons/73b355/check.svg]
[www.sozoseifoundation.org/themes/contrib/classy/images/icons/e29700/warning.svg]
[www.sozoseifoundation.org/sites/g/files/qhldwo12076/themes/site/themes/custom/otsuka_theme/assets/images/contact-banner.html]
[www.sozoseifoundation.org/sites/g/files/qhldwo12076/themes/site/themes/custom/otsuka_theme/SozoseiFoundation_Registered_Logo_black.html]
[www.sozoseifoundation.org/sites/g/files/qhldwo12076/files/css/optimized/css__tXOMQ_uWOQoGkxPIkKrYzmuYGPRZJLspbuuBhecWIA.GiFn5MShtam7MRUz7WYvAINlk6n3f-sZqVr7wKPgjek9ca7.css]
[www.sozoseifoundation.org/sites/g/files/qhldwo12076/files/css/optimized/css_7zXj1UdsdDfnq5F-zOomUtbAj6uvEULrUfxndhg_Eyc.k_rND5JI7WYRKvPertwUARoq3IrfcB53ddNaEaipWl49ca7.css]
[www.sozoseifoundation.org/sites/g/files/qhldwo12076/files/css/optimized/css_YFbfb9nALxrEjN5brfSrtPhETJGyvrLCCZD532-QNiA.gg7fFJZRPBSFdeCG5hXzpKqVD7TUUd8IsJJrRIo738w9ca7.css]
[www.sozoseifoundation.org/sites/g/files/qhldwo12076/files/css/optimized/css_8rOUSmT8iq0JiG7B6X6aP9GbfBBNlaA07uJD4sPlxmg.SjMKgsbyoL3DaldBonotQjIGSWzHgcLmwWoFYVZoNRA9ca7.css]
[www.sozoseifoundation.org/cdn-cgi/l/email-protection.html]
[www.sozoseifoundation.org/taxonomy/term/6.html]
[www.sozoseifoundation.org/taxonomy/term/11.html]
[www.sozoseifoundation.org/sites/g/files/qhldwo12076/files/css/optimized/css_iJn9ATgbs3WXQ1teB-3jBWCe93gu28C3zqh9bvvKf78.wslEQBleahijQegg1RtSXoFEULRNceSqp7Kbwmtq0uk9ca7.css]
[www.sozoseifoundation.org/event/sozosei-foundation-virtual-book-club-entangled.html]
[www.sozoseifoundation.org/event/promise-litigation-decriminalize-mental-illness.html]
[www.sozoseifoundation.org/event/2024-sozosei-summit-decriminalize-mental-illness.html]
[www.sozoseifoundation.org/convenings2679.html]
[www.sozoseifoundation.org/sites/g/files/qhldwo12076/files/css/optimized/css_WFN9Qa7nf5EBLKTFvXI4ts9dpDWA8UpV4ZvIZjPCXaQ.DYCyCDo9mA9tvqAz_JVvgve1w8h0xW0tFBZjDmfKp2k9ca7.css]
[www.sozoseifoundation.org/sites/g/files/qhldwo12076/files/css/optimized/css_F3VaTRjVW7I-N8hGXjgtncRFwCJSWkMQZUQum5jTn0E.2nGtHN63WED5RneUD0UwSbsa5gv95bECW16I-iuNhuI9ca7.css]
[www.sozoseifoundation.org/sites/g/files/qhldwo9251/files/2023-08/Sozo_SolutionLab_June2021_UpdatedAug2023a.html]
[www.sozoseifoundation.org/opportunity/sozosei-lab-decriminalizing-mental-illness-request-statements-interest-autumn-2025.html]
